// Jest Snapshot v1, https://goo.gl/fbAQLP

exports[`InfoCard renders correctly 1`] = `
<View
  style={
    Array [
      Object {
        "backgroundColor": "#000119",
        "flex": 0.6,
        "height": 100,
      },
    ]
  }
>
  <View
    style={
      Array [
        Object {
          "backgroundColor": "#FFFFFF",
          "borderTopLeftRadius": 80,
          "flex": 1,
          "justifyContent": "center",
        },
      ]
    }
  >
    <Text
      style={
        Array [
          Object {
            "color": "black",
            "justifyContent": "center",
          },
        ]
      }
    >
      Hello World
    </Text>
    <View
      style={
        Object {
          "flexDirection": "row",
          "justifyContent": "center",
        }
      }
    >
      <View
        accessibilityRole="button"
        accessibilityState={Object {}}
        accessible={true}
        focusable={true}
        onClick={[Function]}
        onResponderGrant={[Function]}
        onResponderMove={[Function]}
        onResponderRelease={[Function]}
        onResponderTerminate={[Function]}
        onResponderTerminationRequest={[Function]}
        onStartShouldSetResponder={[Function]}
        style={
          Object {
            "opacity": 1,
          }
        }
        testID="btnGoToDetails"
      >
        <View
          style={
            Array [
              Object {},
            ]
          }
        >
          <Text
            style={
              Array [
                Object {
                  "color": "#007AFF",
                  "fontSize": 18,
                  "margin": 8,
                  "textAlign": "center",
                },
              ]
            }
          >
            Details
          </Text>
        </View>
      </View>
    </View>
  </View>
</View>
`;
